[2026-08-11 09:20:41][INFO] === minimax 简报审核启动 v3.0 ===
[2026-08-11 09:20:41][INFO] 日期: 2026-08-11
[2026-08-11 09:20:41][INFO] Base URL: https://daily-ai-2o3.pages.dev
[2026-08-11 09:20:41][INFO] 工作目录: D:\ECNU\其他\每日AI推送
[2026-08-11 09:20:41][INFO] [0/4] 前置自检
[2026-08-11 09:20:41][ERROR] cron_state 不存在
[2026-08-11 09:20:41][WARN] Webhook 未配置，跳过告警
[2026-08-11 09:20:59][INFO] === minimax 简报审核启动 v3.0 ===
[2026-08-11 09:20:59][INFO] 日期: 2026-08-11
[2026-08-11 09:20:59][INFO] Base URL: https://daily-ai-2o3.pages.dev
[2026-08-11 09:20:59][INFO] 工作目录: D:\ECNU\其他\每日AI推送
[2026-08-11 09:20:59][INFO] [0/4] 前置自检
[2026-08-11 09:20:59][INFO] [1/4] 首页质检
[2026-08-11 09:21:00][INFO]   minimax 卡片完整（结构 + 日期 + 按钮全部到位）
[2026-08-11 09:21:01][INFO]   资源检查通过 (1 项)
[2026-08-11 09:21:01][INFO] [2/4] 往期归档质检
[2026-08-11 09:21:02][INFO]   归档包含当日 2026-08-11
[2026-08-11 09:21:02][INFO] [3/4] 简报页面质检
[2026-08-11 09:21:03][INFO]   简报日期一致
[2026-08-11 09:21:03][INFO]   简报 nav-top 正确（返回首页按钮存在）
[2026-08-11 09:21:03][INFO]   生成端 prompt 健康度: 100%  (缺约束: )
[2026-08-11 09:21:03][WARN]   deep_link_only 嫌疑: 2 条（指向首页/目录页而非具体报道）
[2026-08-11 09:21:03][WARN]   reference 质量总问题数: 2
[2026-08-11 09:21:03][INFO]   板块 ID: sec1,sec1,sec2,sec3,sec4,sec5,sec6
[2026-08-11 09:21:03][INFO]   卡片: 0, check-ok: 0
[2026-08-11 09:21:03][WARN]   73 条外链缺 rel=noopener
[2026-08-11 09:21:03][INFO]   待审核外链: 67 条
[2026-08-11 09:21:05][INFO]   链接审核进度 10/67
[2026-08-11 09:21:10][INFO]   链接审核进度 20/67
[2026-08-11 09:21:12][INFO]   链接审核进度 30/67
[2026-08-11 09:21:15][INFO]   链接审核进度 40/67
[2026-08-11 09:21:17][INFO]   链接审核进度 50/67
[2026-08-11 09:21:23][INFO]   链接审核进度 60/67
[2026-08-11 09:21:24][INFO] [4/4] 跨期/跨端健康（轻量版）
[2026-08-11 09:21:25][INFO] [5] 汇总 verdict
[2026-08-11 09:21:25][INFO] JSON: D:\ECNU\其他\每日AI推送\2026-08-11\audit-minimax-2026-08-11.json
[2026-08-11 09:21:25][INFO] Log : D:\ECNU\其他\每日AI推送\2026-08-11\audit-minimax-2026-08-11.log
[2026-08-11 09:21:25][WARN] Webhook 未配置，跳过告警
[2026-08-11 09:21:25][INFO] === 完成 verdict=FAIL ===
[2026-08-11 09:22:05][INFO] === minimax 简报审核启动 v3.0 ===
[2026-08-11 09:22:05][INFO] 日期: 2026-08-11
[2026-08-11 09:22:05][INFO] Base URL: https://daily-ai-2o3.pages.dev
[2026-08-11 09:22:05][INFO] 工作目录: D:\ECNU\其他\每日AI推送
[2026-08-11 09:22:05][INFO] [0/4] 前置自检
[2026-08-11 09:22:05][INFO] [1/4] 首页质检
[2026-08-11 09:22:06][INFO]   minimax 卡片完整（结构 + 日期 + 按钮全部到位）
[2026-08-11 09:22:06][INFO]   资源检查通过 (1 项)
[2026-08-11 09:22:06][INFO] [2/4] 往期归档质检
[2026-08-11 09:22:07][INFO]   归档包含当日 2026-08-11
[2026-08-11 09:22:07][INFO] [3/4] 简报页面质检
[2026-08-11 09:22:08][INFO]   简报日期一致
[2026-08-11 09:22:08][INFO]   简报 nav-top 正确（返回首页按钮存在）
[2026-08-11 09:22:08][INFO]   生成端 prompt 健康度: 100%  (缺约束: )
[2026-08-11 09:22:08][WARN]   deep_link_only 嫌疑: 2 条（指向首页/目录页而非具体报道）
[2026-08-11 09:22:08][WARN]   reference 质量总问题数: 2
[2026-08-11 09:22:08][INFO]   板块 ID: sec1,sec1,sec2,sec3,sec4,sec5,sec6
[2026-08-11 09:22:08][INFO]   卡片: 0, check-ok: 0
[2026-08-11 09:22:08][WARN]   73 条外链缺 rel=noopener
[2026-08-11 09:22:08][INFO]   待审核外链: 67 条
[2026-08-11 09:22:10][INFO]   链接审核进度 10/67
[2026-08-11 09:22:14][INFO]   链接审核进度 20/67
[2026-08-11 09:22:16][INFO]   链接审核进度 30/67
[2026-08-11 09:22:19][INFO]   链接审核进度 40/67
[2026-08-11 09:22:21][INFO]   链接审核进度 50/67
[2026-08-11 09:22:26][INFO]   链接审核进度 60/67
[2026-08-11 09:22:28][INFO] [4/4] 跨期/跨端健康（轻量版）
[2026-08-11 09:22:29][INFO] [5] 汇总 verdict
[2026-08-11 09:22:29][INFO] JSON: D:\ECNU\其他\每日AI推送\2026-08-11\audit-minimax-2026-08-11.json
[2026-08-11 09:22:29][INFO] Log : D:\ECNU\其他\每日AI推送\2026-08-11\audit-minimax-2026-08-11.log
[2026-08-11 09:22:29][WARN] Webhook 未配置，跳过告警
[2026-08-11 09:22:29][INFO] === 完成 verdict=FAIL ===
[2026-08-11 09:26:49][INFO] === minimax 简报审核启动 v3.0 ===
[2026-08-11 09:26:49][INFO] 日期: 2026-08-11
[2026-08-11 09:26:49][INFO] Base URL: https://daily-ai-2o3.pages.dev
[2026-08-11 09:26:49][INFO] 工作目录: D:\ECNU\其他\每日AI推送
[2026-08-11 09:26:49][INFO] [0/4] 前置自检
[2026-08-11 09:26:49][INFO] [1/4] 首页质检
[2026-08-11 09:26:50][INFO]   minimax 卡片完整（结构 + 日期 + 按钮全部到位）
[2026-08-11 09:26:51][INFO]   资源检查通过 (1 项)
[2026-08-11 09:26:51][INFO] [2/4] 往期归档质检
[2026-08-11 09:26:52][INFO]   归档包含当日 2026-08-11
[2026-08-11 09:26:52][INFO] [3/4] 简报页面质检
[2026-08-11 09:26:52][INFO]   简报日期一致
[2026-08-11 09:26:52][INFO]   简报 nav-top 正确（返回首页按钮存在）
[2026-08-11 09:26:52][INFO]   生成端 prompt 健康度: 100%  (缺约束: )
[2026-08-11 09:26:52][WARN]   deep_link_only 嫌疑: 2 条（指向首页/目录页而非具体报道）
[2026-08-11 09:26:52][WARN]   reference 质量总问题数: 2
[2026-08-11 09:26:52][INFO]   板块 ID: sec1,sec1,sec2,sec3,sec4,sec5,sec6
[2026-08-11 09:26:52][INFO]   卡片: 0, check-ok: 0
[2026-08-11 09:26:52][WARN]   73 条外链缺 rel=noopener
[2026-08-11 09:26:52][INFO]   待审核外链: 67 条
[2026-08-11 09:26:54][INFO]   链接审核进度 10/67
[2026-08-11 09:26:57][INFO]   链接审核进度 20/67
[2026-08-11 09:26:59][INFO]   链接审核进度 30/67
[2026-08-11 09:27:02][INFO]   链接审核进度 40/67
[2026-08-11 09:27:03][INFO]   链接审核进度 50/67
[2026-08-11 09:27:08][INFO]   链接审核进度 60/67
[2026-08-11 09:27:10][INFO] [4/4] 跨期/跨端健康（轻量版）
[2026-08-11 09:27:11][INFO] [5] 汇总 verdict
[2026-08-11 09:27:11][INFO] JSON: D:\ECNU\其他\每日AI推送\2026-08-11\audit-minimax-2026-08-11.json
[2026-08-11 09:27:11][INFO] Log : D:\ECNU\其他\每日AI推送\2026-08-11\audit-minimax-2026-08-11.log
[2026-08-11 09:27:11][WARN] Webhook 未配置，跳过告警
[2026-08-11 09:27:11][INFO] === 完成 verdict=FAIL ===
[2026-08-11 09:29:22][INFO] === minimax 简报审核启动 v3.0 ===
[2026-08-11 09:29:22][INFO] 日期: 2026-08-11
[2026-08-11 09:29:22][INFO] Base URL: https://daily-ai-2o3.pages.dev
[2026-08-11 09:29:22][INFO] 工作目录: D:\ECNU\其他\每日AI推送
[2026-08-11 09:29:22][INFO] [0/4] 前置自检
[2026-08-11 09:29:22][INFO] [1/4] 首页质检
[2026-08-11 09:29:22][INFO]   minimax 卡片完整（结构 + 日期 + 按钮全部到位）
[2026-08-11 09:29:23][INFO]   资源检查通过 (1 项)
[2026-08-11 09:29:23][INFO] [2/4] 往期归档质检
[2026-08-11 09:29:24][INFO]   归档包含当日 2026-08-11
[2026-08-11 09:29:24][INFO] [3/4] 简报页面质检
[2026-08-11 09:29:24][INFO]   简报日期一致
[2026-08-11 09:29:24][INFO]   简报 nav-top 正确（返回首页按钮存在）
[2026-08-11 09:29:24][INFO]   生成端 prompt 健康度: 100%  (缺约束: )
[2026-08-11 09:29:24][WARN]   deep_link_only 嫌疑: 2 条（指向首页/目录页而非具体报道）
[2026-08-11 09:29:24][WARN]   reference 质量总问题数: 2
[2026-08-11 09:29:24][INFO]   板块 ID: sec1,sec1,sec2,sec3,sec4,sec5,sec6
[2026-08-11 09:29:24][INFO]   卡片: 0, check-ok: 0
[2026-08-11 09:29:24][WARN]   73 条外链缺 rel=noopener
[2026-08-11 09:29:24][INFO]   待审核外链: 67 条
[2026-08-11 09:29:26][INFO]   链接审核进度 10/67
[2026-08-11 09:29:30][INFO]   链接审核进度 20/67
[2026-08-11 09:29:32][INFO]   链接审核进度 30/67
[2026-08-11 09:29:35][INFO]   链接审核进度 40/67
[2026-08-11 09:29:37][INFO]   链接审核进度 50/67
[2026-08-11 09:29:42][INFO]   链接审核进度 60/67
[2026-08-11 09:29:43][INFO] [4/4] 跨期/跨端健康（轻量版）
[2026-08-11 09:29:44][INFO] [5] 汇总 verdict
[2026-08-11 09:29:44][INFO] JSON: D:\ECNU\其他\每日AI推送\2026-08-11\audit-minimax-2026-08-11.json
[2026-08-11 09:29:44][INFO] Log : D:\ECNU\其他\每日AI推送\2026-08-11\audit-minimax-2026-08-11.log
[2026-08-11 09:29:44][WARN] Webhook 未配置，跳过告警
[2026-08-11 09:29:44][INFO] === 完成 verdict=FAIL ===
[2026-08-11 09:32:57][INFO] === minimax 简报审核启动 v3.0 ===
[2026-08-11 09:32:57][INFO] 日期: 2026-08-11
[2026-08-11 09:32:57][INFO] Base URL: https://daily-ai-2o3.pages.dev
[2026-08-11 09:32:57][INFO] 工作目录: D:\ECNU\其他\每日AI推送
[2026-08-11 09:32:57][INFO] [0/4] 前置自检
[2026-08-11 09:32:57][INFO] [1/4] 首页质检
[2026-08-11 09:32:58][INFO]   minimax 卡片完整（结构 + 日期 + 按钮全部到位）
[2026-08-11 09:32:59][INFO]   资源检查通过 (1 项)
[2026-08-11 09:32:59][INFO] [2/4] 往期归档质检
[2026-08-11 09:33:00][INFO]   归档包含当日 2026-08-11
[2026-08-11 09:33:00][INFO] [3/4] 简报页面质检
[2026-08-11 09:33:00][INFO]   简报日期一致
[2026-08-11 09:33:00][INFO]   简报 nav-top 正确（返回首页按钮存在）
[2026-08-11 09:33:00][INFO]   生成端 prompt 健康度: 100%  (缺约束: )
[2026-08-11 09:33:00][INFO]   reference 质量全部 PASS（deep_link=0 no_source=0 fake_200=0）
[2026-08-11 09:33:00][INFO]   板块 ID: sec1,sec1,sec2,sec3,sec4,sec5,sec6
[2026-08-11 09:33:00][INFO]   卡片: 0, check-ok: 0
[2026-08-11 09:33:00][WARN]   73 条外链缺 rel=noopener
[2026-08-11 09:33:00][INFO]   待审核外链: 63 条
[2026-08-11 09:33:02][INFO]   链接审核进度 10/63
[2026-08-11 09:33:05][INFO]   链接审核进度 20/63
[2026-08-11 09:33:07][INFO]   链接审核进度 30/63
[2026-08-11 09:33:10][INFO]   链接审核进度 40/63
[2026-08-11 09:33:12][INFO]   链接审核进度 50/63
[2026-08-11 09:33:15][INFO]   链接审核进度 60/63
[2026-08-11 09:33:16][INFO] [4/4] 跨期/跨端健康（轻量版）
[2026-08-11 09:33:17][INFO] [5] 汇总 verdict
[2026-08-11 09:33:17][INFO] JSON: D:\ECNU\其他\每日AI推送\2026-08-11\audit-minimax-2026-08-11.json
[2026-08-11 09:33:17][INFO] Log : D:\ECNU\其他\每日AI推送\2026-08-11\audit-minimax-2026-08-11.log
[2026-08-11 09:33:17][WARN] Webhook 未配置，跳过告警
[2026-08-11 09:33:17][INFO] === 完成 verdict=WARN ===
[2026-08-11 09:34:13][INFO] === minimax 简报审核启动 v3.0 ===
[2026-08-11 09:34:13][INFO] 日期: 2026-08-11
[2026-08-11 09:34:13][INFO] Base URL: https://daily-ai-2o3.pages.dev
[2026-08-11 09:34:13][INFO] 工作目录: D:\ECNU\其他\每日AI推送
[2026-08-11 09:34:13][INFO] [0/4] 前置自检
[2026-08-11 09:34:13][INFO] [1/4] 首页质检
[2026-08-11 09:34:13][INFO]   minimax 卡片完整（结构 + 日期 + 按钮全部到位）
[2026-08-11 09:34:14][INFO]   资源检查通过 (1 项)
[2026-08-11 09:34:14][INFO] [2/4] 往期归档质检
[2026-08-11 09:34:15][INFO]   归档包含当日 2026-08-11
[2026-08-11 09:34:15][INFO] [3/4] 简报页面质检
[2026-08-11 09:34:15][INFO]   简报日期一致
[2026-08-11 09:34:15][INFO]   简报 nav-top 正确（返回首页按钮存在）
[2026-08-11 09:34:15][INFO]   生成端 prompt 健康度: 100%  (缺约束: )
[2026-08-11 09:34:15][INFO]   reference 质量全部 PASS（deep_link=0 no_source=0 fake_200=0）
[2026-08-11 09:34:15][INFO]   板块 ID: sec1,sec1,sec2,sec3,sec4,sec5,sec6
[2026-08-11 09:34:15][INFO]   卡片: 0, check-ok: 0
[2026-08-11 09:34:15][WARN]   73 条外链缺 rel=noopener
[2026-08-11 09:34:16][INFO]   待审核外链: 63 条
[2026-08-11 09:34:17][INFO]   链接审核进度 10/63
[2026-08-11 09:34:20][INFO]   链接审核进度 20/63
[2026-08-11 09:34:22][INFO]   链接审核进度 30/63
[2026-08-11 09:34:25][INFO]   链接审核进度 40/63
[2026-08-11 09:34:27][INFO]   链接审核进度 50/63
[2026-08-11 09:34:31][INFO]   链接审核进度 60/63
[2026-08-11 09:34:31][INFO] [4/4] 跨期/跨端健康（轻量版）
[2026-08-11 09:34:32][INFO] [5] 汇总 verdict
[2026-08-11 09:34:32][INFO] JSON: D:\ECNU\其他\每日AI推送\2026-08-11\audit-minimax-2026-08-11.json
[2026-08-11 09:34:32][INFO] Log : D:\ECNU\其他\每日AI推送\2026-08-11\audit-minimax-2026-08-11.log
[2026-08-11 09:34:32][WARN] Webhook 未配置，跳过告警
[2026-08-11 09:34:32][INFO] === 完成 verdict=WARN ===
